CPU model on this node:
model name	: Intel(R) Xeon(R) Gold 6126 CPU @ 2.60GHz
Running Python script now!
         115778 function calls (113084 primitive calls) in 0.137 seconds

   Ordered by: cumulative time

   ncalls  tottime  percall  cumtime  percall filename:lineno(function)
       14    0.001    0.000    0.220    0.016 __init__.py:1(<module>)
    144/1    0.000    0.000    0.137    0.137 {built-in method builtins.exec}
        1    0.000    0.000    0.137    0.137 haversine.py:1(<module>)
    190/5    0.001    0.000    0.132    0.026 <frozen importlib._bootstrap>:1002(_find_and_load)
    190/5    0.001    0.000    0.132    0.026 <frozen importlib._bootstrap>:967(_find_and_load_unlocked)
    178/5    0.001    0.000    0.132    0.026 <frozen importlib._bootstrap>:659(_load_unlocked)
    143/5    0.000    0.000    0.132    0.026 <frozen importlib._bootstrap_external>:844(exec_module)
    267/5    0.000    0.000    0.130    0.026 <frozen importlib._bootstrap>:220(_call_with_frames_removed)
   368/11    0.000    0.000    0.104    0.009 {built-in method builtins.__import__}
   192/24    0.001    0.000    0.103    0.004 <frozen importlib._bootstrap>:1033(_handle_fromlist)
        1    0.000    0.000    0.035    0.035 haversine.py:19(load_points)
        1    0.000    0.000    0.035    0.035 npyio.py:1081(loadtxt)
        1    0.000    0.000    0.035    0.035 npyio.py:801(_read)
        1    0.000    0.000    0.035    0.035 _datasource.py:155(open)
        1    0.000    0.000    0.035    0.035 _datasource.py:487(open)
        1    0.000    0.000    0.035    0.035 _datasource.py:344(_findfile)
       10    0.000    0.000    0.032    0.003 _datasource.py:431(exists)
  178/175    0.000    0.000    0.032    0.000 <frozen importlib._bootstrap>:558(module_from_spec)
        1    0.000    0.000    0.032    0.032 multiarray.py:1(<module>)
        1    0.000    0.000    0.031    0.031 overrides.py:1(<module>)
    33/31    0.000    0.000    0.028    0.001 <frozen importlib._bootstrap_external>:1172(create_module)
    33/31    0.026    0.001    0.028    0.001 {built-in method _imp.create_dynamic}
        1    0.000    0.000    0.027    0.027 request.py:1(<module>)
      143    0.001    0.000    0.025    0.000 <frozen importlib._bootstrap_external>:916(get_code)
        1    0.000    0.000    0.022    0.022 client.py:1(<module>)
      143    0.000    0.000    0.016    0.000 <frozen importlib._bootstrap_external>:645(_compile_bytecode)
  385/384    0.005    0.000    0.015    0.000 {built-in method builtins.__build_class__}
      143    0.015    0.000    0.015    0.000 {built-in method marshal.loads}
      171    0.000    0.000    0.015    0.000 re.py:289(_compile)
       46    0.000    0.000    0.014    0.000 re.py:250(compile)
       48    0.000    0.000    0.014    0.000 sre_compile.py:783(compile)
      187    0.001    0.000    0.013    0.000 <frozen importlib._bootstrap>:901(_find_spec)
        1    0.000    0.000    0.012    0.012 parser.py:5(<module>)
        1    0.000    0.000    0.012    0.012 feedparser.py:5(<module>)
      185    0.000    0.000    0.012    0.000 <frozen importlib._bootstrap_external>:1416(find_spec)
      185    0.001    0.000    0.011    0.000 <frozen importlib._bootstrap_external>:1384(_get_spec)
        1    0.000    0.000    0.011    0.011 _pickle.py:1(<module>)
        1    0.000    0.000    0.010    0.010 _policybase.py:1(<module>)
    33/24    0.000    0.000    0.010    0.000 <frozen importlib._bootstrap_external>:1180(exec_module)
    33/24    0.002    0.000    0.010    0.000 {built-in method _imp.exec_dynamic}
      370    0.002    0.000    0.010    0.000 <frozen importlib._bootstrap_external>:1515(find_spec)
        1    0.000    0.000    0.009    0.009 _add_newdocs_scalars.py:1(<module>)
       48    0.000    0.000    0.008    0.000 sre_parse.py:944(parse)
        1    0.000    0.000    0.008    0.008 py3k.py:1(<module>)
   138/48    0.000    0.000    0.008    0.000 sre_parse.py:436(_parse_sub)
        1    0.000    0.000    0.008    0.008 platform.py:3(<module>)
   169/53    0.003    0.000    0.008    0.000 sre_parse.py:494(_parse)
      784    0.007    0.000    0.007    0.000 {built-in method posix.stat}
        1    0.000    0.000    0.006    0.006 utils.py:5(<module>)
       13    0.000    0.000    0.006    0.000 enum.py:528(_convert_)
        1    0.000    0.000    0.006    0.006 ssl.py:4(<module>)
      314    0.001    0.000    0.006    0.000 overrides.py:170(decorator)
      143    0.000    0.000    0.006    0.000 <frozen importlib._bootstrap_external>:1037(get_data)
        1    0.000    0.000    0.006    0.006 secrets.py:1(<module>)
        1    0.000    0.000    0.005    0.005 index_tricks.py:1(<module>)
       48    0.000    0.000    0.005    0.000 sre_compile.py:622(_code)
        1    0.000    0.000    0.005    0.005 pathlib.py:1(<module>)
        1    0.000    0.000    0.005    0.005 numeric.py:1(<module>)
       20    0.002    0.000    0.004    0.000 enum.py:179(__new__)
        1    0.000    0.000    0.004    0.004 socket.py:4(<module>)
      123    0.000    0.000    0.004    0.000 enum.py:358(__call__)
       20    0.000    0.000    0.004    0.000 genericpath.py:16(exists)
   297/48    0.001    0.000    0.004    0.000 sre_compile.py:87(_compile)
       13    0.000    0.000    0.004    0.000 enum.py:475(_create_)
        1    0.000    0.000    0.004    0.004 subprocess.py:10(<module>)
      178    0.001    0.000    0.004    0.000 <frozen importlib._bootstrap>:486(_init_module_attrs)
        1    0.000    0.000    0.003    0.003 header.py:5(<module>)
        1    0.000    0.000    0.003    0.003 _pep440.py:1(<module>)
        1    0.000    0.000    0.003    0.003 hmac.py:1(<module>)
      284    0.001    0.000    0.003    0.000 overrides.py:88(verify_matching_signatures)
     1876    0.001    0.000    0.003    0.000 <frozen importlib._bootstrap_external>:121(_path_join)
      764    0.000    0.000    0.003    0.000 <frozen importlib._bootstrap_external>:135(_path_stat)
        2    0.000    0.000    0.003    0.001 _datasource.py:294(_possible_names)
        2    0.000    0.000    0.003    0.001 _datasource.py:263(_iszip)
        4    0.000    0.000    0.003    0.001 _datasource.py:130(keys)
        4    0.000    0.000    0.003    0.001 _datasource.py:103(_load)
        1    0.000    0.000    0.003    0.003 parse.py:1(<module>)
      143    0.003    0.000    0.003    0.000 {method 'read' of '_io.BufferedReader' objects}
        1    0.000    0.000    0.003    0.003 version.py:1(<module>)
        1    0.000    0.000    0.003    0.003 _pep440.py:285(Version)
        1    0.000    0.000    0.003    0.003 defmatrix.py:1(<module>)
        1    0.000    0.000    0.003    0.003 _internal.py:1(<module>)
        2    0.000    0.000    0.003    0.001 shape_base.py:1(<module>)
      286    0.001    0.000    0.003    0.000 <frozen importlib._bootstrap_external>:361(cache_from_source)
        1    0.000    0.000    0.002    0.002 _version.py:7(<module>)
        1    0.000    0.000    0.002    0.002 core.py:1(<module>)
      618    0.001    0.000    0.002    0.000 _inspect.py:96(getargspec)
      314    0.000    0.000    0.002    0.000 function_base.py:475(add_newdoc)
      319    0.000    0.000    0.002    0.000 <frozen importlib._bootstrap>:385(cached)
        1    0.000    0.000    0.002    0.002 pickle.py:1(<module>)
        1    0.000    0.000    0.002    0.002 _add_newdocs.py:1(<module>)
        1    0.000    0.000    0.002    0.002 linalg.py:1(<module>)
      143    0.002    0.000    0.002    0.000 {built-in method io.open_code}
      358    0.001    0.000    0.002    0.000 enum.py:88(__setitem__)
       13    0.000    0.000    0.002    0.000 enum.py:545(<listcomp>)
      176    0.000    0.000    0.002    0.000 <frozen importlib._bootstrap_external>:491(_get_cached)
      127    0.001    0.000    0.002    0.000 sre_compile.py:292(_optimize_charset)
        1    0.000    0.000    0.002    0.002 ipaddress.py:4(<module>)
      190    0.000    0.000    0.002    0.000 <frozen importlib._bootstrap>:156(__enter__)
        1    0.000    0.000    0.002    0.002 numerictypes.py:1(<module>)
       14    0.000    0.000    0.002    0.000 core.py:114(doc_note)
     1876    0.001    0.000    0.002    0.000 <frozen importlib._bootstrap_external>:123(<listcomp>)
        1    0.000    0.000    0.002    0.002 fromnumeric.py:1(<module>)
      328    0.001    0.000    0.002    0.000 functools.py:35(update_wrapper)
      305    0.000    0.000    0.002    0.000 <frozen importlib._bootstrap>:203(_lock_unlock_module)
        1    0.000    0.000    0.002    0.002 extras.py:1(<module>)
        1    0.000    0.000    0.002    0.002 scimath.py:1(<module>)
        2    0.000    0.000    0.001    0.001 polynomial.py:1(<module>)
     2213    0.001    0.000    0.001    0.000 sre_parse.py:255(get)
        1    0.000    0.000    0.001    0.001 quoprimime.py:5(<module>)
      495    0.001    0.000    0.001    0.000 <frozen importlib._bootstrap>:166(_get_module_lock)
        1    0.000    0.000    0.001    0.001 npyio.py:1(<module>)
     4514    0.001    0.000    0.001    0.000 {built-in method builtins.getattr}
      990    0.001    0.000    0.001    0.000 {built-in method __new__ of type object at 0x7fce9b78e960}
        1    0.000    0.000    0.001    0.001 decoder.py:1(<module>)
        2    0.000    0.000    0.001    0.001 function_base.py:1(<module>)
       28    0.001    0.000    0.001    0.000 inspect.py:626(cleandoc)
      614    0.001    0.000    0.001    0.000 _inspect.py:65(getargs)
    10868    0.001    0.000    0.001    0.000 {built-in method builtins.isinstance}
       11    0.000    0.000    0.001    0.000 __init__.py:345(namedtuple)
        1    0.000    0.000    0.001    0.001 getlimits.py:158(_register_known_types)
      221    0.000    0.000    0.001    0.000 <frozen importlib._bootstrap_external>:154(_path_isfile)
        1    0.000    0.000    0.001    0.001 message.py:5(<module>)
        1    0.000    0.000    0.001    0.001 signal.py:1(<module>)
      236    0.000    0.000    0.001    0.000 <frozen importlib._bootstrap_external>:145(_path_is_mode_type)
        1    0.000    0.000    0.001    0.001 datetime.py:1(<module>)
       48    0.000    0.000    0.001    0.000 sre_compile.py:560(_compile_info)
      495    0.001    0.000    0.001    0.000 <frozen importlib._bootstrap>:87(acquire)
        6    0.000    0.000    0.001    0.000 getlimits.py:34(__init__)
        1    0.000    0.000    0.001    0.001 defchararray.py:1(<module>)
        1    0.000    0.000    0.001    0.001 string.py:1(<module>)
       33    0.000    0.000    0.001    0.000 abc.py:105(__new__)
     2717    0.001    0.000    0.001    0.000 sre_parse.py:234(__next)
        1    0.000    0.000    0.001    0.001 random.py:1(<module>)
      176    0.000    0.000    0.001    0.000 <frozen importlib._bootstrap_external>:1510(_get_spec)
      438    0.000    0.000    0.001    0.000 <frozen importlib._bootstrap_external>:1347(_path_importer_cache)
       10    0.000    0.000    0.001    0.000 extras.py:234(__init__)
     1883    0.001    0.000    0.001    0.000 sre_parse.py:165(__getitem__)
       10    0.000    0.000    0.001    0.000 extras.py:238(getdoc)
7665/7346    0.001    0.000    0.001    0.000 {built-in method builtins.len}
      286    0.000    0.000    0.001    0.000 <frozen importlib._bootstrap_external>:127(_path_split)
        1    0.000    0.000    0.001    0.001 bz2.py:1(<module>)
        1    0.000    0.000    0.001    0.001 ipaddress.py:1554(_IPv4Constants)
        1    0.000    0.000    0.001    0.001 string.py:69(__init_subclass__)
      495    0.001    0.000    0.001    0.000 <frozen importlib._bootstrap>:112(release)
     2061    0.000    0.000    0.001    0.000 {built-in method builtins.setattr}
        1    0.000    0.000    0.001    0.001 tempfile.py:1(<module>)
        1    0.000    0.000    0.001    0.001 scanner.py:1(<module>)
       92    0.001    0.000    0.001    0.000 sre_parse.py:433(_uniq)
  364/117    0.001    0.000    0.001    0.000 sre_parse.py:175(getwidth)
       36    0.000    0.000    0.001    0.000 getlimits.py:111(_float_to_str)
     2373    0.001    0.000    0.001    0.000 {method 'join' of 'str' objects}
        1    0.000    0.000    0.001    0.001 _parseaddr.py:4(<module>)
        1    0.000    0.000    0.001    0.001 utils.py:1(<module>)
       20    0.000    0.000    0.001    0.000 enum.py:221(<setcomp>)
        1    0.000    0.000    0.001    0.001 lzma.py:1(<module>)
        1    0.000    0.000    0.001    0.001 twodim_base.py:1(<module>)
       11    0.001    0.000    0.001    0.000 {built-in method builtins.eval}
     5698    0.001    0.000    0.001    0.000 {method 'append' of 'list' objects}
       18    0.000    0.000    0.001    0.000 arrayprint.py:1575(_array_str_implementation)
     2806    0.001    0.000    0.001    0.000 {built-in method builtins.hasattr}
       50    0.000    0.000    0.001    0.000 core.py:130(get_object_signature)
        1    0.000    0.000    0.001    0.001 ntpath.py:2(<module>)
        1    0.000    0.000    0.001    0.001 _pocketfft.py:1(<module>)
       18    0.000    0.000    0.001    0.000 arrayprint.py:506(wrapper)
      176    0.000    0.000    0.001    0.000 <frozen importlib._bootstrap_external>:696(spec_from_file_location)
      190    0.000    0.000    0.001    0.000 <frozen importlib._bootstrap>:160(__exit__)
      143    0.000    0.000    0.001    0.000 <frozen importlib._bootstrap_external>:1078(path_stats)
      434    0.000    0.000    0.001    0.000 enum.py:462(__setattr__)
      143    0.001    0.000    0.001    0.000 {method '__exit__' of '_io._IOBase' objects}
       15    0.000    0.000    0.001    0.000 <frozen importlib._bootstrap_external>:1566(_fill_cache)
        3    0.000    0.000    0.001    0.000 warnings.py:130(filterwarnings)
        1    0.000    0.000    0.001    0.001 _methods.py:1(<module>)
        1    0.000    0.000    0.001    0.001 ipaddress.py:2363(_IPv6Constants)
       18    0.001    0.000    0.001    0.000 arrayprint.py:1568(_guarded_repr_or_str)
       35    0.000    0.000    0.000    0.000 ipaddress.py:2287(__init__)
        1    0.000    0.000    0.000    0.000 type_check.py:1(<module>)
        1    0.000    0.000    0.000    0.000 base64.py:3(<module>)
       15    0.000    0.000    0.000    0.000 <frozen importlib._bootstrap_external>:1334(_path_hooks)
     2045    0.000    0.000    0.000    0.000 <frozen importlib._bootstrap>:231(_verbose_message)
      314    0.000    0.000    0.000    0.000 function_base.py:461(_add_docstring)
        1    0.000    0.000    0.000    0.000 _type_aliases.py:1(<module>)
      143    0.000    0.000    0.000    0.000 <frozen importlib._bootstrap_external>:560(_classify_pyc)
      334    0.000    0.000    0.000    0.000 {built-in method builtins.max}
       69    0.000    0.000    0.000    0.000 sre_parse.py:97(closegroup)
        1    0.000    0.000    0.000    0.000 charset.py:5(<module>)
        1    0.000    0.000    0.000    0.000 gzip.py:1(<module>)
       26    0.000    0.000    0.000    0.000 core.py:6801(__init__)
       15    0.000    0.000    0.000    0.000 {built-in method posix.listdir}
        1    0.000    0.000    0.000    0.000 errors.py:5(<module>)
     4040    0.000    0.000    0.000    0.000 {method 'rstrip' of 'str' objects}
        1    0.000    0.000    0.000    0.000 encoder.py:1(<module>)
       26    0.000    0.000    0.000    0.000 core.py:6806(getdoc)
        1    0.000    0.000    0.000    0.000 request.py:937(AbstractBasicAuthHandler)
      429    0.000    0.000    0.000    0.000 <frozen importlib._bootstrap_external>:79(_unpack_uint32)
     2833    0.000    0.000    0.000    0.000 {method 'startswith' of 'str' objects}
        1    0.000    0.000    0.000    0.000 __init__.py:5(HTTPStatus)
      143    0.000    0.000    0.000    0.000 <frozen importlib._bootstrap_external>:593(_validate_timestamp_pyc)
       11    0.000    0.000    0.000    0.000 _datasource.py:375(abspath)
        1    0.000    0.000    0.000    0.000 nanfunctions.py:1(<module>)
       24    0.000    0.000    0.000    0.000 _add_newdocs_scalars.py:55(add_newdoc_for_scalar_type)
        1    0.000    0.000    0.000    0.000 hashlib.py:5(<module>)
       20    0.000    0.000    0.000    0.000 enum.py:164(__prepare__)
        1    0.000    0.000    0.000    0.000 error.py:1(<module>)
      189    0.000    0.000    0.000    0.000 <frozen importlib._bootstrap>:185(cb)
      358    0.000    0.000    0.000    0.000 enum.py:44(_is_private)
        1    0.000    0.000    0.000    0.000 pickle.py:197(<listcomp>)
       21    0.000    0.000    0.000    0.000 ipaddress.py:1487(__init__)
        1    0.000    0.000    0.000    0.000 threading.py:1(<module>)
       14    0.000    0.000    0.000    0.000 hashlib.py:130(__get_openssl_constructor)
        1    0.000    0.000    0.000    0.000 selectors.py:1(<module>)
       14    0.000    0.000    0.000    0.000 re.py:223(split)
      336    0.000    0.000    0.000    0.000 {method 'format' of 'str' objects}
       46    0.000    0.000    0.000    0.000 _inspect.py:140(formatargspec)
        1    0.000    0.000    0.000    0.000 struct.py:1(<module>)
      107    0.000    0.000    0.000    0.000 re.py:188(match)
     1226    0.000    0.000    0.000    0.000 {method 'rpartition' of 'str' objects}
      827    0.000    0.000    0.000    0.000 sre_parse.py:250(match)
       23    0.000    0.000    0.000    0.000 parse.py:381(urlparse)
      618    0.000    0.000    0.000    0.000 _inspect.py:13(ismethod)
        1    0.000    0.000    0.000    0.000 arrayprint.py:1(<module>)
       52    0.000    0.000    0.000    0.000 ipaddress.py:1913(__init__)
     1374    0.000    0.000    0.000    0.000 {built-in method builtins.min}
     1698    0.000    0.000    0.000    0.000 {method 'isupper' of 'str' objects}
      534    0.000    0.000    0.000    0.000 sre_parse.py:173(append)
      189    0.000    0.000    0.000    0.000 <frozen importlib._bootstrap>:58(__init__)
      557    0.000    0.000    0.000    0.000 <frozen importlib._bootstrap>:878(__exit__)
      404    0.000    0.000    0.000    0.000 socket.py:78(<lambda>)
       52    0.000    0.000    0.000    0.000 core.py:887(__init__)
        2    0.000    0.000    0.000    0.000 hashlib.py:84(__get_builtin_constructor)
      376    0.000    0.000    0.000    0.000 <frozen importlib._bootstrap>:398(parent)
        1    0.000    0.000    0.000    0.000 ctypeslib.py:1(<module>)
       48    0.000    0.000    0.000    0.000 enum.py:977(__and__)
      406    0.000    0.000    0.000    0.000 socket.py:88(<lambda>)
      405    0.000    0.000    0.000    0.000 socket.py:83(<lambda>)
      618    0.000    0.000    0.000    0.000 _inspect.py:26(isfunction)
      557    0.000    0.000    0.000    0.000 <frozen importlib._bootstrap>:874(__enter__)
        1    0.000    0.000    0.000    0.000 encoders.py:5(<module>)
      407    0.000    0.000    0.000    0.000 socket.py:93(<lambda>)
      302    0.000    0.000    0.000    0.000 enum.py:12(_is_descriptor)
       23    0.000    0.000    0.000    0.000 overrides.py:200(decorator)
      314    0.000    0.000    0.000    0.000 function_base.py:443(_needs_add_docstring)
        1    0.000    0.000    0.000    0.000 shutil.py:1(<module>)
      572    0.000    0.000    0.000    0.000 <frozen importlib._bootstrap_external>:129(<genexpr>)
       53    0.000    0.000    0.000    0.000 enum.py:571(_get_mixins_)
        1    0.000    0.000    0.000    0.000 _exceptions.py:1(<module>)
        1    0.000    0.000    0.000    0.000 bisect.py:1(<module>)
       15    0.000    0.000    0.000    0.000 <frozen importlib._bootstrap_external>:1607(path_hook_for_FileFinder)
       14    0.000    0.000    0.000    0.000 core.py:8149(__init__)
        1    0.000    0.000    0.000    0.000 _globals.py:1(<module>)
      636    0.000    0.000    0.000    0.000 sre_parse.py:161(__len__)
      614    0.000    0.000    0.000    0.000 _inspect.py:41(iscode)
      127    0.000    0.000    0.000    0.000 sre_compile.py:265(_compile_charset)
      358    0.000    0.000    0.000    0.000 enum.py:22(_is_dunder)
      130    0.000    0.000    0.000    0.000 sre_compile.py:447(_simple)
        1    0.000    0.000    0.000    0.000 _encoded_words.py:1(<module>)
       14    0.000    0.000    0.000    0.000 core.py:8154(getdoc)
      452    0.000    0.000    0.000    0.000 sre_parse.py:287(tell)
      452    0.000    0.000    0.000    0.000 {built-in method from_bytes}
        1    0.000    0.000    0.000    0.000 calendar.py:1(<module>)
        1    0.000    0.000    0.000    0.000 arraysetops.py:1(<module>)
      314    0.000    0.000    0.000    0.000 {method 'replace' of 'code' objects}
        1    0.000    0.000    0.000    0.000 message.py:111(Message)
       33    0.000    0.000    0.000    0.000 {built-in method _abc._abc_init}
       23    0.000    0.000    0.000    0.000 parse.py:474(urlsplit)
       31    0.000    0.000    0.000    0.000 ipaddress.py:1271(__init__)
       35    0.000    0.000    0.000    0.000 ipaddress.py:1635(_ip_int_from_string)
        1    0.000    0.000    0.000    0.000 ctypeslib.py:362(_get_scalar_type_map)
        1    0.000    0.000    0.000    0.000 numbers.py:4(<module>)
      358    0.000    0.000    0.000    0.000 enum.py:33(_is_sunder)
        4    0.000    0.000    0.000    0.000 textwrap.py:414(dedent)
        1    0.000    0.000    0.000    0.000 ssl.py:183(_TLSAlertType)
        1    0.000    0.000    0.000    0.000 ctypeslib.py:373(<dictcomp>)
       12    0.000    0.000    0.000    0.000 _datasource.py:303(_isurl)
      143    0.000    0.000    0.000    0.000 <frozen importlib._bootstrap_external>:523(_check_name_wrapper)
     1241    0.000    0.000    0.000    0.000 {built-in method _imp.acquire_lock}
       22    0.000    0.000    0.000    0.000 sre_compile.py:435(_mk_bitmap)
     1241    0.000    0.000    0.000    0.000 {built-in method _imp.release_lock}
       69    0.000    0.000    0.000    0.000 {built-in method posix.getcwd}
      992    0.000    0.000    0.000    0.000 {method '__exit__' of '_thread.lock' objects}
       53    0.000    0.000    0.000    0.000 enum.py:582(_find_data_type)
        1    0.000    0.000    0.000    0.000 getlimits.py:1(<module>)
      361    0.000    0.000    0.000    0.000 {method 'strip' of 'str' objects}
       20    0.000    0.000    0.000    0.000 enum.py:618(_find_new_)
       22    0.000    0.000    0.000    0.000 _datasource.py:417(_sanitize_relative_path)
       22    0.000    0.000    0.000    0.000 ipaddress.py:1172(_ip_int_from_string)
       69    0.000    0.000    0.000    0.000 sre_parse.py:85(opengroup)
      373    0.000    0.000    0.000    0.000 {method 'items' of 'dict' objects}
       26    0.000    0.000    0.000    0.000 core.py:914(__init__)
       50    0.000    0.000    0.000    0.000 _internal.py:870(_ufunc_doc_signature_formatter)
      118    0.000    0.000    0.000    0.000 {built-in method numpy.array}
     1009    0.000    0.000    0.000    0.000 {built-in method _thread.get_ident}
       85    0.000    0.000    0.000    0.000 sre_parse.py:356(_escape)
       15    0.000    0.000    0.000    0.000 <frozen importlib._bootstrap_external>:1476(__init__)
      110    0.000    0.000    0.000    0.000 enum.py:670(__new__)
        1    0.000    0.000    0.000    0.000 mixins.py:1(<module>)
      187    0.000    0.000    0.000    0.000 <frozen importlib._bootstrap>:351(__init__)
      314    0.000    0.000    0.000    0.000 sre_parse.py:112(__init__)
      183    0.000    0.000    0.000    0.000 {method 'split' of 'str' objects}
        1    0.000    0.000    0.000    0.000 _iotools.py:1(<module>)
      743    0.000    0.000    0.000    0.000 {method 'get' of 'dict' objects}
        1    0.000    0.000    0.000    0.000 legendre.py:1(<module>)
    61/46    0.000    0.000    0.000    0.000 sre_compile.py:485(_get_literal_prefix)
      185    0.000    0.000    0.000    0.000 <frozen importlib._bootstrap>:811(find_spec)
       68    0.000    0.000    0.000    0.000 sre_parse.py:296(_class_escape)
     1067    0.000    0.000    0.000    0.000 {method 'lstrip' of 'str' objects}
       15    0.000    0.000    0.000    0.000 <frozen zipimport>:63(__init__)
       36    0.000    0.000    0.000    0.000 getlimits.py:91(_float_to_float)
       56    0.000    0.000    0.000    0.000 ipaddress.py:532(_split_addr_prefix)
        4    0.000    0.000    0.000    0.000 re.py:203(sub)
      187    0.000    0.000    0.000    0.000 <frozen importlib._bootstrap>:736(find_spec)
        1    0.000    0.000    0.000    0.000 mixins.py:59(NDArrayOperatorsMixin)
        1    0.000    0.000    0.000    0.000 ssl.py:224(_TLSMessageType)
        1    0.000    0.000    0.000    0.000 contextlib.py:76(inner)
        1    0.000    0.000    0.000    0.000 core.py:2703(MaskedArray)
       48    0.000    0.000    0.000    0.000 sre_parse.py:225(__init__)
        1    0.000    0.000    0.000    0.000 histograms.py:1(<module>)
        7    0.000    0.000    0.000    0.000 enum.py:971(__or__)
      322    0.000    0.000    0.000    0.000 functools.py:65(wraps)
       12    0.000    0.000    0.000    0.000 datetime.py:492(__new__)
      447    0.000    0.000    0.000    0.000 {method 'find' of 'bytearray' objects}
      233    0.000    0.000    0.000    0.000 {method 'endswith' of 'str' objects}
      143    0.000    0.000    0.000    0.000 <frozen importlib._bootstrap>:35(_new_module)
        6    0.000    0.000    0.000    0.000 numeric.py:2531(extend_all)
      314    0.000    0.000    0.000    0.000 overrides.py:128(array_function_dispatch)
       26    0.000    0.000    0.000    0.000 sre_parse.py:268(getuntil)
       18    0.000    0.000    0.000    0.000 core.py:990(__init__)
        1    0.000    0.000    0.000    0.000 stride_tricks.py:1(<module>)
      367    0.000    0.000    0.000    0.000 {method 'update' of 'dict' objects}
      181    0.000    0.000    0.000    0.000 {method 'replace' of 'str' objects}
        1    0.000    0.000    0.000    0.000 core.py:6490(__new__)
        1    0.000    0.000    0.000    0.000 records.py:1(<module>)
       13    0.000    0.000    0.000    0.000 mixins.py:44(_numeric_methods)
      111    0.000    0.000    0.000    0.000 {method 'extend' of 'list' objects}
       22    0.000    0.000    0.000    0.000 sre_compile.py:437(<listcomp>)
       11    0.000    0.000    0.000    0.000 abc.py:110(register)
       16    0.000    0.000    0.000    0.000 {method 'sort' of 'list' objects}
        1    0.000    0.000    0.000    0.000 _type_aliases.py:94(_add_aliases)
        1    0.000    0.000    0.000    0.000 arrayterator.py:1(<module>)
        1    0.000    0.000    0.000    0.000 {function SeedSequence.generate_state at 0x7fce8de599d0}
        1    0.000    0.000    0.000    0.000 _polybase.py:1(<module>)
       14    0.000    0.000    0.000    0.000 {method 'split' of 're.Pattern' objects}
       88    0.000    0.000    0.000    0.000 ipaddress.py:1198(_parse_octet)
      339    0.000    0.000    0.000    0.000 {built-in method numpy.core._multiarray_umath.add_docstring}
      236    0.000    0.000    0.000    0.000 sre_parse.py:82(groups)
       38    0.000    0.000    0.000    0.000 sre_compile.py:516(_get_charset_prefix)
        1    0.000    0.000    0.000    0.000 os.py:44(_get_exports_list)
        1    0.000    0.000    0.000    0.000 hermite_e.py:1(<module>)
    23/13    0.000    0.000    0.000    0.000 abc.py:121(__subclasscheck__)
        1    0.000    0.000    0.000    0.000 chebyshev.py:1(<module>)
       11    0.000    0.000    0.000    0.000 {built-in method _abc._abc_register}
        1    0.000    0.000    0.000    0.000 ufunclike.py:1(<module>)
      190    0.000    0.000    0.000    0.000 <frozen importlib._bootstrap>:152(__init__)
        1    0.000    0.000    0.000    0.000 _string_helpers.py:1(<module>)
        1    0.000    0.000    0.000    0.000 quoprimime.py:55(<listcomp>)
        3    0.000    0.000    0.000    0.000 enum.py:928(_missing_)
        1    0.000    0.000    0.000    0.000 socket.py:673(SocketIO)
    23/13    0.000    0.000    0.000    0.000 {built-in method _abc._abc_subclasscheck}
        1    0.000    0.000    0.000    0.000 _compat_pickle.py:9(<module>)
        1    0.000    0.000    0.000    0.000 _ufunc_config.py:1(<module>)
      381    0.000    0.000    0.000    0.000 {built-in method _thread.allocate_lock}
        1    0.000    0.000    0.000    0.000 arrayterator.py:16(Arrayterator)
        1    0.000    0.000    0.000    0.000 helper.py:1(<module>)
        3    0.000    0.000    0.000    0.000 enum.py:938(_create_pseudo_member_)
        1    0.000    0.000    0.000    0.000 hermite.py:1(<module>)
        1    0.000    0.000    0.000    0.000 _compression.py:1(<module>)
       41    0.000    0.000    0.000    0.000 _add_newdocs_scalars.py:62(<genexpr>)
        1    0.000    0.000    0.000    0.000 _datasource.py:1(<module>)
      541    0.000    0.000    0.000    0.000 {built-in method posix.fspath}
       16    0.000    0.000    0.000    0.000 _type_aliases.py:58(bitname)
       14    0.000    0.000    0.000    0.000 core.py:8166(_replace_return_type)
       92    0.000    0.000    0.000    0.000 {built-in method fromkeys}
      291    0.000    0.000    0.000    0.000 {method 'rfind' of 'str' objects}
        1    0.000    0.000    0.000    0.000 laguerre.py:1(<module>)
       35    0.000    0.000    0.000    0.000 ipaddress.py:1615(_make_netmask)
       14    0.000    0.000    0.000    0.000 mixins.py:26(_reflected_binary_method)
        1    0.000    0.000    0.000    0.000 error.py:35(HTTPError)
        1    0.000    0.000    0.000    0.000 datetime.py:793(date)
        1    0.000    0.000    0.000    0.000 response.py:1(<module>)
        1    0.000    0.000    0.000    0.000 getlimits.py:595(iinfo)
        1    0.000    0.000    0.000    0.000 __init__.py:322(_sanity_check)
        1    0.000    0.000    0.000    0.000 _string_helpers.py:9(<listcomp>)
       48    0.000    0.000    0.000    0.000 {built-in method _sre.compile}
        1    0.000    0.000    0.000    0.000 _endian.py:1(<module>)
      434    0.000    0.000    0.000    0.000 {method 'get' of 'mappingproxy' objects}
        3    0.000    0.000    0.000    0.000 enum.py:1017(_decompose)
       76    0.000    0.000    0.000    0.000 signal.py:9(<lambda>)
        2    0.000    0.000    0.000    0.000 {built-in method builtins.dir}
      222    0.000    0.000    0.000    0.000 {method 'pop' of 'dict' objects}
       28    0.000    0.000    0.000    0.000 {method 'expandtabs' of 'str' objects}
       15    0.000    0.000    0.000    0.000 <frozen importlib._bootstrap_external>:159(_path_isdir)
        1    0.000    0.000    0.000    0.000 einsumfunc.py:1(<module>)
       62    0.000    0.000    0.000    0.000 __init__.py:24(__new__)
       36    0.000    0.000    0.000    0.000 getlimits.py:24(_fr1)
      143    0.000    0.000    0.000    0.000 <frozen importlib._bootstrap_external>:1007(__init__)
        1    0.000    0.000    0.000    0.000 errors.py:85(HeaderDefect)
       23    0.000    0.000    0.000    0.000 posixpath.py:331(normpath)
      137    0.000    0.000    0.000    0.000 sre_parse.py:169(__setitem__)
      258    0.000    0.000    0.000    0.000 {built-in method builtins.issubclass}
       96    0.000    0.000    0.000    0.000 sre_compile.py:619(isstring)
      499    0.000    0.000    0.000    0.000 {built-in method builtins.ord}
        1    0.000    0.000    0.000    0.000 threading.py:1314(__init__)
       20    0.000    0.000    0.000    0.000 enum.py:561(_check_for_existing_members)
       33    0.000    0.000    0.000    0.000 <frozen importlib._bootstrap_external>:1156(__init__)
        1    0.000    0.000    0.000    0.000 umath.py:1(<module>)
        1    0.000    0.000    0.000    0.000 core.py:2814(__new__)
       13    0.000    0.000    0.000    0.000 posixpath.py:71(join)
      370    0.000    0.000    0.000    0.000 <frozen importlib._bootstrap_external>:68(_relax_case)
       13    0.000    0.000    0.000    0.000 _dtype_ctypes.py:100(dtype_from_ctypes_type)
       20    0.000    0.000    0.000    0.000 enum.py:197(<dictcomp>)
       56    0.000    0.000    0.000    0.000 ipaddress.py:155(_split_optional_netmask)
       48    0.000    0.000    0.000    0.000 sre_parse.py:928(fix_flags)
        8    0.000    0.000    0.000    0.000 _ufunc_config.py:32(seterr)
        6    0.000    0.000    0.000    0.000 functools.py:517(decorating_function)
      4/3    0.000    0.000    0.000    0.000 {method 'view' of 'numpy.ndarray' objects}
       47    0.000    0.000    0.000    0.000 ipaddress.py:1748(_parse_hextet)
      185    0.000    0.000    0.000    0.000 {built-in method _imp.is_frozen}
      452    0.000    0.000    0.000    0.000 {built-in method builtins.chr}
       42    0.000    0.000    0.000    0.000 getlimits.py:101(_float_conv)
        1    0.000    0.000    0.000    0.000 arraypad.py:1(<module>)
        1    0.000    0.000    0.000    0.000 ssl.py:159(TLSVersion)
        1    0.000    0.000    0.000    0.000 _policybase.py:99(_extend_docstrings)
        1    0.000    0.000    0.000    0.000 polyutils.py:1(<module>)
      110    0.000    0.000    0.000    0.000 {method 'match' of 're.Pattern' objects}
        1    0.000    0.000    0.000    0.000 memmap.py:1(<module>)
        2    0.000    0.000    0.000    0.000 core.py:2972(__array_finalize__)
       21    0.000    0.000    0.000    0.000 ipaddress.py:1146(_make_netmask)
       61    0.000    0.000    0.000    0.000 _inspect.py:144(<lambda>)
        1    0.000    0.000    0.000    0.000 __init__.py:262(_reset_cache)
       52    0.000    0.000    0.000    0.000 _add_newdocs.py:6520(refer_to_array_attribute)
        1    0.000    0.000    0.000    0.000 ssl.py:169(_TLSContentType)
      123    0.000    0.000    0.000    0.000 ssl.py:125(<lambda>)
        4    0.000    0.000    0.000    0.000 _ufunc_config.py:429(__enter__)
       48    0.000    0.000    0.000    0.000 <frozen importlib._bootstrap_external>:175(_path_isabs)
        2    0.000    0.000    0.000    0.000 {built-in method builtins.sorted}
      178    0.000    0.000    0.000    0.000 <frozen importlib._bootstrap>:406(has_location)
       16    0.000    0.000    0.000    0.000 _type_aliases.py:44(_bits_of)
       70    0.000    0.000    0.000    0.000 {built-in method _imp.is_builtin}
      123    0.000    0.000    0.000    0.000 ssl.py:130(<lambda>)
       98    0.000    0.000    0.000    0.000 sre_compile.py:81(_combine_flags)
       46    0.000    0.000    0.000    0.000 parse.py:123(_coerce_args)
      123    0.000    0.000    0.000    0.000 ssl.py:135(<lambda>)
      166    0.000    0.000    0.000    0.000 enum.py:551(<lambda>)
      123    0.000    0.000    0.000    0.000 ssl.py:145(<lambda>)
       72    0.000    0.000    0.000    0.000 {method 'copy' of 'numpy.ndarray' objects}
      123    0.000    0.000    0.000    0.000 ssl.py:140(<lambda>)
        1    0.000    0.000    0.000    0.000 _asarray.py:1(<module>)
      400    0.000    0.000    0.000    0.000 {built-in method builtins.globals}
       36    0.000    0.000    0.000    0.000 getlimits.py:16(_fr0)
      143    0.000    0.000    0.000    0.000 <frozen importlib._bootstrap_external>:1032(get_filename)
       47    0.000    0.000    0.000    0.000 types.py:171(__get__)
       48    0.000    0.000    0.000    0.000 sre_parse.py:76(__init__)
        6    0.000    0.000    0.000    0.000 core.py:1139(__init__)
        2    0.000    0.000    0.000    0.000 __init__.py:76(CFUNCTYPE)
        1    0.000    0.000    0.000    0.000 _globals.py:97(_CopyMode)
      123    0.000    0.000    0.000    0.000 ssl.py:150(<lambda>)
       93    0.000    0.000    0.000    0.000 _inspect.py:131(strseq)
        1    0.000    0.000    0.000    0.000 _polybase.py:18(ABCPolyBase)
       14    0.000    0.000    0.000    0.000 __init__.py:142(_check_size)
        1    0.000    0.000    0.000    0.000 os.py:48(<listcomp>)
        2    0.000    0.000    0.000    0.000 {built-in method _ctypes.POINTER}
       20    0.000    0.000    0.000    0.000 enum.py:415(__getattr__)
       35    0.000    0.000    0.000    0.000 {built-in method builtins.any}
      143    0.000    0.000    0.000    0.000 {built-in method _imp._fix_co_filename}
        1    0.000    0.000    0.000    0.000 numerictypes.py:588(_register_types)
        1    0.000    0.000    0.000    0.000 core.py:3121(view)
        3    0.000    0.000    0.000    0.000 __init__.py:501(PYFUNCTYPE)
      257    0.000    0.000    0.000    0.000 hmac.py:20(<genexpr>)
        1    0.000    0.000    0.000    0.000 _datasource.py:246(__init__)
       20    0.000    0.000    0.000    0.000 enum.py:81(__init__)
        1    0.000    0.000    0.000    0.000 pickle.py:1136(_Unpickler)
      257    0.000    0.000    0.000    0.000 hmac.py:21(<genexpr>)
      165    0.000    0.000    0.000    0.000 {built-in method _sre.unicode_iscased}
        8    0.000    0.000    0.000    0.000 {method 'sub' of 're.Pattern' objects}
       26    0.000    0.000    0.000    0.000 ipaddress.py:473(_prefix_from_prefix_string)
        8    0.000    0.000    0.000    0.000 {method 'remove' of 'list' objects}
        1    0.000    0.000    0.000    0.000 linalg.py:74(_determine_error_states)
        1    0.000    0.000    0.000    0.000 {method 'dot' of 'numpy.ndarray' objects}
        1    0.000    0.000    0.000    0.000 _type_aliases.py:211(_set_array_types)
        2    0.000    0.000    0.000    0.000 random.py:117(__init__)
        1    0.000    0.000    0.000    0.000 uu.py:26(<module>)
        1    0.000    0.000    0.000    0.000 __future__.py:1(<module>)
        1    0.000    0.000    0.000    0.000 fnmatch.py:1(<module>)
        1    0.000    0.000    0.000    0.000 platform.py:1106(python_implementation)
        2    0.000    0.000    0.000    0.000 <frozen importlib._bootstrap>:757(create_module)
        1    0.000    0.000    0.000    0.000 ssl.py:974(SSLSocket)
       81    0.000    0.000    0.000    0.000 overrides.py:121(decorator)
        1    0.000    0.000    0.000    0.000 core.py:6508(__array_finalize__)
        1    0.000    0.000    0.000    0.000 posixpath.py:370(abspath)
        4    0.000    0.000    0.000    0.000 ssl.py:452(__new__)
       24    0.000    0.000    0.000    0.000 numerictypes.py:513(_scalar_type_key)
        2    0.000    0.000    0.000    0.000 core.py:6684(__init__)
       99    0.000    0.000    0.000    0.000 sre_compile.py:477(_get_iscased)
        1    0.000    0.000    0.000    0.000 platform.py:1002(_sys_version)
       36    0.000    0.000    0.000    0.000 _string_helpers.py:16(english_lower)
       81    0.000    0.000    0.000    0.000 overrides.py:110(set_module)
        1    0.000    0.000    0.000    0.000 ipaddress.py:670(_BaseNetwork)
        1    0.000    0.000    0.000    0.000 numerictypes.py:440(_construct_lookups)
        2    0.000    0.000    0.000    0.000 {built-in method numpy.core._multiarray_umath.implement_array_function}
        4    0.000    0.000    0.000    0.000 _ufunc_config.py:434(__exit__)
        7    0.000    0.000    0.000    0.000 getlimits.py:648(__init__)
        1    0.000    0.000    0.000    0.000 ssl.py:468(Purpose)
        2    0.000    0.000    0.000    0.000 abc.py:117(__instancecheck__)
        1    0.000    0.000    0.000    0.000 polynomial.py:1472(Polynomial)
        3    0.000    0.000    0.000    0.000 datetime.py:1602(__new__)
        1    0.000    0.000    0.000    0.000 datetime.py:2216(timezone)
      127    0.000    0.000    0.000    0.000 {method 'add' of 'set' objects}
        1    0.000    0.000    0.000    0.000 __init__.py:340(__init__)
      143    0.000    0.000    0.000    0.000 <frozen importlib._bootstrap_external>:841(create_module)
        1    0.000    0.000    0.000    0.000 format.py:1(<module>)
        1    0.000    0.000    0.000    0.000 _dtype.py:1(<module>)
        1    0.000    0.000    0.000    0.000 ipaddress.py:1265(IPv4Address)
        3    0.000    0.000    0.000    0.000 sre_compile.py:440(_bytes_to_codes)
        1    0.000    0.000    0.000    0.000 random.py:126(seed)
        1    0.000    0.000    0.000    0.000 _machar.py:1(<module>)
        1    0.000    0.000    0.000    0.000 _version.py:1(<module>)
        2    0.000    0.000    0.000    0.000 functools.py:188(total_ordering)
       17    0.000    0.000    0.000    0.000 platform.py:914(system)
      120    0.000    0.000    0.000    0.000 <frozen importlib._bootstrap_external>:1482(<genexpr>)
        1    0.000    0.000    0.000    0.000 <__array_function__ internals>:177(concatenate)
       35    0.000    0.000    0.000    0.000 ipaddress.py:1878(_split_scope_id)
        2    0.000    0.000    0.000    0.000 {built-in method _abc._abc_instancecheck}
        1    0.000    0.000    0.000    0.000 ipaddress.py:1907(IPv6Address)
        4    0.000    0.000    0.000    0.000 os.py:674(__getitem__)
       23    0.000    0.000    0.000    0.000 <string>:1(<lambda>)
        3    0.000    0.000    0.000    0.000 _collections_abc.py:78(_check_methods)
        9    0.000    0.000    0.000    0.000 overrides.py:23(set_array_function_like_doc)
        1    0.000    0.000    0.000    0.000 _version.py:20(get_versions)
       78    0.000    0.000    0.000    0.000 _internal.py:881(<genexpr>)
        6    0.000    0.000    0.000    0.000 _policybase.py:94(_append_doc)
        4    0.000    0.000    0.000    0.000 warnings.py:181(_add_filter)
       10    0.000    0.000    0.000    0.000 sre_parse.py:259(getwhile)
        8    0.000    0.000    0.000    0.000 _ufunc_config.py:131(geterr)
        1    0.000    0.000    0.000    0.000 __init__.py:299(loads)
        8    0.000    0.000    0.000    0.000 sre_compile.py:456(_generate_overlap_table)
        1    0.000    0.000    0.000    0.000 threading.py:802(__init__)
        1    0.000    0.000    0.000    0.000 contextlib.py:75(__call__)
       20    0.000    0.000    0.000    0.000 mixins.py:16(_binary_method)
        3    0.000    0.000    0.000    0.000 ufunclike.py:58(_fix_and_maybe_deprecate_out_named_y)
        1    0.000    0.000    0.000    0.000 _collections_abc.py:362(__subclasshook__)
       38    0.000    0.000    0.000    0.000 posixpath.py:131(splitdrive)
        1    0.000    0.000    0.000    0.000 pathlib.py:114(_WindowsFlavour)
        1    0.000    0.000    0.000    0.000 _add_newdocs_scalars.py:17(numeric_type_aliases)
        2    0.000    0.000    0.000    0.000 {built-in method _imp.create_builtin}
       13    0.000    0.000    0.000    0.000 _dtype_ctypes.py:71(_from_ctypes_scalar)
       30    0.000    0.000    0.000    0.000 _type_aliases.py:203(_add_array_type)
       16    0.000    0.000    0.000    0.000 {built-in method builtins.next}
       88    0.000    0.000    0.000    0.000 {method 'isidentifier' of 'str' objects}
        1    0.000    0.000    0.000    0.000 numeric.py:149(ones)
        2    0.000    0.000    0.000    0.000 datetime.py:665(__neg__)
       59    0.000    0.000    0.000    0.000 enum.py:244(<genexpr>)
        1    0.000    0.000    0.000    0.000 calendar.py:50(_localized_month)
        3    0.000    0.000    0.000    0.000 ufunclike.py:41(_fix_out_named_y)
       61    0.000    0.000    0.000    0.000 {built-in method builtins.repr}
      141    0.000    0.000    0.000    0.000 {built-in method _sre.unicode_tolower}
       34    0.000    0.000    0.000    0.000 platform.py:825(uname)
        1    0.000    0.000    0.000    0.000 ssl.py:475(SSLContext)
        1    0.000    0.000    0.000    0.000 threading.py:950(_set_tstate_lock)
        1    0.000    0.000    0.000    0.000 __init__.py:184(<dictcomp>)
        1    0.000    0.000    0.000    0.000 numbers.py:32(Complex)
        1    0.000    0.000    0.000    0.000 pathlib.py:327(_NormalAccessor)
        1    0.000    0.000    0.000    0.000 decoder.py:332(decode)
        9    0.000    0.000    0.000    0.000 {built-in method numpy.seterrobj}
        4    0.000    0.000    0.000    0.000 {built-in method _ssl.txt2obj}
        5    0.000    0.000    0.000    0.000 datetime.py:415(_check_date_fields)
        2    0.000    0.000    0.000    0.000 selectors.py:584(_can_use)
       47    0.000    0.000    0.000    0.000 {method 'issuperset' of 'frozenset' objects}
        2    0.000    0.000    0.000    0.000 _collections_abc.py:760(get)
       62    0.000    0.000    0.000    0.000 __init__.py:419(<genexpr>)
        1    0.000    0.000    0.000    0.000 subprocess.py:700(Popen)
       32    0.000    0.000    0.000    0.000 _type_aliases.py:46(<genexpr>)
       68    0.000    0.000    0.000    0.000 abc.py:7(abstractmethod)
        1    0.000    0.000    0.000    0.000 datetime.py:1594(datetime)
        1    0.000    0.000    0.000    0.000 _iotools.py:450(StringConverter)
      105    0.000    0.000    0.000    0.000 {method 'items' of 'mappingproxy' objects}
       62    0.000    0.000    0.000    0.000 {built-in method sys.intern}
        1    0.000    0.000    0.000    0.000 __config__.py:3(<module>)
        1    0.000    0.000    0.000    0.000 _type_aliases.py:74(_add_types)
        2    0.000    0.000    0.000    0.000 posixpath.py:117(splitext)
        2    0.000    0.000    0.000    0.000 <frozen importlib._bootstrap>:415(spec_from_loader)
       18    0.000    0.000    0.000    0.000 _add_newdocs_scalars.py:18(type_aliases_gen)
        1    0.000    0.000    0.000    0.000 pathlib.py:571(PurePath)
        1    0.000    0.000    0.000    0.000 _type_aliases.py:121(_add_integer_aliases)
        1    0.000    0.000    0.000    0.000 {function Random.seed at 0x7fce8dd24f70}
        2    0.000    0.000    0.000    0.000 core.py:2946(_update_from)
        1    0.000    0.000    0.000    0.000 _pytesttester.py:1(<module>)
       37    0.000    0.000    0.000    0.000 {method 'translate' of 'str' objects}
        3    0.000    0.000    0.000    0.000 index_tricks.py:316(__init__)
        2    0.000    0.000    0.000    0.000 datetime.py:1270(__new__)
        4    0.000    0.000    0.000    0.000 {method 'findall' of 're.Pattern' objects}
       22    0.000    0.000    0.000    0.000 {method 'translate' of 'bytearray' objects}
        1    0.000    0.000    0.000    0.000 defchararray.py:1804(chararray)
      112    0.000    0.000    0.000    0.000 ipaddress.py:573(__int__)
        7    0.000    0.000    0.000    0.000 core.py:2550(_arraymethod)
        1    0.000    0.000    0.000    0.000 calendar.py:52(<listcomp>)
       35    0.000    0.000    0.000    0.000 datetime.py:383(_check_int_field)
        1    0.000    0.000    0.000    0.000 numbers.py:294(Integral)
        2    0.000    0.000    0.000    0.000 charset.py:211(__init__)
        2    0.000    0.000    0.000    0.000 datetime.py:823(__new__)
        1    0.000    0.000    0.000    0.000 pathlib.py:984(Path)
        1    0.000    0.000    0.000    0.000 socket.py:214(socket)
        1    0.000    0.000    0.000    0.000 decoder.py:284(__init__)
        1    0.000    0.000    0.000    0.000 index_tricks.py:556(__init__)
        2    0.000    0.000    0.000    0.000 arrayprint.py:503(decorating_function)
        1    0.000    0.000    0.000    0.000 threading.py:791(Thread)
        1    0.000    0.000    0.000    0.000 pickle.py:407(_Pickler)
       55    0.000    0.000    0.000    0.000 {method 'setdefault' of 'dict' objects}
        1    0.000    0.000    0.000    0.000 ssl.py:815(SSLObject)
        1    0.000    0.000    0.000    0.000 polynomial.py:1076(poly1d)
        1    0.000    0.000    0.000    0.000 chebyshev.py:1994(Chebyshev)
       62    0.000    0.000    0.000    0.000 {method '__contains__' of 'frozenset' objects}
        1    0.000    0.000    0.000    0.000 subprocess.py:650(_use_posix_spawn)
        7    0.000    0.000    0.000    0.000 os.py:754(encode)
        1    0.000    0.000    0.000    0.000 _ufunc_config.py:440(_setdef)
        1    0.000    0.000    0.000    0.000 warnings.py:165(simplefilter)
        1    0.000    0.000    0.000    0.000 request.py:315(Request)
       27    0.000    0.000    0.000    0.000 {method 'setter' of 'property' objects}
      114    0.000    0.000    0.000    0.000 {method 'isdigit' of 'str' objects}
        2    0.000    0.000    0.000    0.000 _collections_abc.py:767(__contains__)
        1    0.000    0.000    0.000    0.000 ufunclike.py:16(_deprecate_out_named_y)
        1    0.000    0.000    0.000    0.000 datetime.py:473(timedelta)
        5    0.000    0.000    0.000    0.000 datetime.py:428(_check_time_fields)
        1    0.000    0.000    0.000    0.000 threading.py:775(_maintain_shutdown_locks)
        1    0.000    0.000    0.000    0.000 defmatrix.py:72(matrix)
       18    0.000    0.000    0.000    0.000 {built-in method _struct.calcsize}
      114    0.000    0.000    0.000    0.000 {method 'isascii' of 'str' objects}
       34    0.000    0.000    0.000    0.000 _add_newdocs_scalars.py:61(<genexpr>)
        1    0.000    0.000    0.000    0.000 _internal.py:240(_missing_ctypes)
        1    0.000    0.000    0.000    0.000 legendre.py:1619(Legendre)
        1    0.000    0.000    0.000    0.000 ipaddress.py:1405(IPv4Interface)
       16    0.000    0.000    0.000    0.000 enum.py:443(__members__)
        1    0.000    0.000    0.000    0.000 _globals.py:80(__new__)
        2    0.000    0.000    0.000    0.000 os.py:1073(__subclasshook__)
       47    0.000    0.000    0.000    0.000 enum.py:792(value)
        1    0.000    0.000    0.000    0.000 <__array_function__ internals>:177(copyto)
        2    0.000    0.000    0.000    0.000 genericpath.py:121(_splitext)
        1    0.000    0.000    0.000    0.000 message.py:951(MIMEPart)
       96    0.000    0.000    0.000    0.000 {built-in method builtins.abs}
       26    0.000    0.000    0.000    0.000 ipaddress.py:430(_ip_int_from_prefix)
       85    0.000    0.000    0.000    0.000 _compat_pickle.py:167(<genexpr>)
        1    0.000    0.000    0.000    0.000 threading.py:528(__init__)
        3    0.000    0.000    0.000    0.000 sre_parse.py:868(_parse_flags)
       15    0.000    0.000    0.000    0.000 ssl.py:968(_sslcopydoc)
        1    0.000    0.000    0.000    0.000 _type_aliases.py:149(_set_up_aliases)
        1    0.000    0.000    0.000    0.000 hermite_e.py:1650(HermiteE)
        1    0.000    0.000    0.000    0.000 quopri.py:3(<module>)
        1    0.000    0.000    0.000    0.000 threading.py:216(Condition)
       78    0.000    0.000    0.000    0.000 signal.py:21(<lambda>)
       30    0.000    0.000    0.000    0.000 enum.py:438(<genexpr>)
        1    0.000    0.000    0.000    0.000 gzip.py:120(GzipFile)
        1    0.000    0.000    0.000    0.000 os.py:688(__delitem__)
        2    0.000    0.000    0.000    0.000 functools.py:191(<setcomp>)
        1    0.000    0.000    0.000    0.000 request.py:1693(URLopener)
       13    0.000    0.000    0.000    0.000 _internal.py:918(npy_ctypes_check)
        1    0.000    0.000    0.000    0.000 _dtype_ctypes.py:1(<module>)
        1    0.000    0.000    0.000    0.000 lzma.py:38(LZMAFile)
        1    0.000    0.000    0.000    0.000 contextlib.py:234(contextmanager)
       48    0.000    0.000    0.000    0.000 {method 'pop' of 'list' objects}
        1    0.000    0.000    0.000    0.000 {built-in method _hashlib.openssl_md5}
       77    0.000    0.000    0.000    0.000 signal.py:16(<lambda>)
        1    0.000    0.000    0.000    0.000 calendar.py:148(Calendar)
        1    0.000    0.000    0.000    0.000 ipaddress.py:1472(IPv4Network)
       15    0.000    0.000    0.000    0.000 posixpath.py:41(_get_sep)
       16    0.000    0.000    0.000    0.000 {method 'find' of 'str' objects}
        1    0.000    0.000    0.000    0.000 function_base.py:2116(vectorize)
        1    0.000    0.000    0.000    0.000 os.py:682(__setitem__)
        1    0.000    0.000    0.000    0.000 datetime.py:1245(time)
        5    0.000    0.000    0.000    0.000 functools.py:958(__init__)
        1    0.000    0.000    0.000    0.000 ipaddress.py:1595(_BaseV6)
        1    0.000    0.000    0.000    0.000 client.py:107(<dictcomp>)
        2    0.000    0.000    0.000    0.000 copyreg.py:12(pickle)
       17    0.000    0.000    0.000    0.000 platform.py:951(machine)
       25    0.000    0.000    0.000    0.000 {method 'mro' of 'type' objects}
        1    0.000    0.000    0.000    0.000 random.py:791(getrandbits)
        1    0.000    0.000    0.000    0.000 _datasource.py:536(Repository)
       51    0.000    0.000    0.000    0.000 {method 'pop' of 'set' objects}
       46    0.000    0.000    0.000    0.000 parse.py:112(_noop)
        1    0.000    0.000    0.000    0.000 threading.py:542(set)
        2    0.000    0.000    0.000    0.000 {built-in method posix.uname}
       13    0.000    0.000    0.000    0.000 mixins.py:36(_inplace_binary_method)
        6    0.000    0.000    0.000    0.000 functools.py:478(lru_cache)
        3    0.000    0.000    0.000    0.000 {method 'tolist' of 'memoryview' objects}
        1    0.000    0.000    0.000    0.000 core.py:1322(make_mask_descr)
        1    0.000    0.000    0.000    0.000 client.py:795(HTTPConnection)
        1    0.000    0.000    0.000    0.000 numbers.py:147(Real)
        1    0.000    0.000    0.000    0.000 _internal.py:249(_ctypes)
       43    0.000    0.000    0.000    0.000 _compat_pickle.py:165(<genexpr>)
        1    0.000    0.000    0.000    0.000 parser.py:79(BytesParser)
       60    0.000    0.000    0.000    0.000 {built-in method builtins.divmod}
        1    0.000    0.000    0.000    0.000 ipaddress.py:382(_IPAddressBase)
        1    0.000    0.000    0.000    0.000 base64mime.py:5(<module>)
       19    0.000    0.000    0.000    0.000 {built-in method builtins.vars}
        1    0.000    0.000    0.000    0.000 client.py:241(HTTPResponse)
        1    0.000    0.000    0.000    0.000 hermite.py:1658(Hermite)
        1    0.000    0.000    0.000    0.000 ipaddress.py:2196(IPv6Interface)
        6    0.000    0.000    0.000    0.000 _exceptions.py:17(_display_as_base)
        1    0.000    0.000    0.000    0.000 _policybase.py:112(Policy)
        1    0.000    0.000    0.000    0.000 random.py:101(Random)
       26    0.000    0.000    0.000    0.000 ipaddress.py:414(_check_int_address)
        1    0.000    0.000    0.000    0.000 __init__.py:257(<dictcomp>)
       18    0.000    0.000    0.000    0.000 {built-in method numpy.geterrobj}
        1    0.000    0.000    0.000    0.000 laguerre.py:1606(Laguerre)
        1    0.000    0.000    0.000    0.000 request.py:2138(FancyURLopener)
        1    0.000    0.000    0.000    0.000 _policybase.py:279(Compat32)
       35    0.000    0.000    0.000    0.000 {method 'partition' of 'str' objects}
        1    0.000    0.000    0.000    0.000 random.py:778(SystemRandom)
        1    0.000    0.000    0.000    0.000 platform.py:780(uname_result)
       38    0.000    0.000    0.000    0.000 {built-in method _ctypes.sizeof}
       20    0.000    0.000    0.000    0.000 _inspect.py:142(<lambda>)
        1    0.000    0.000    0.000    0.000 _version.py:14(NumpyVersion)
       21    0.000    0.000    0.000    0.000 _inspect.py:143(<lambda>)
        1    0.000    0.000    0.000    0.000 tempfile.py:643(SpooledTemporaryFile)
       23    0.000    0.000    0.000    0.000 overrides.py:196(array_function_from_dispatcher)
        1    0.000    0.000    0.000    0.000 _parseaddr.py:207(AddrlistClass)
        1    0.000    0.000    0.000    0.000 bz2.py:27(BZ2File)
        1    0.000    0.000    0.000    0.000 decoder.py:343(raw_decode)
        1    0.000    0.000    0.000    0.000 parse.py:368(_fix_result_transcoding)
        1    0.000    0.000    0.000    0.000 core.py:6285(mvoid)
        1    0.000    0.000    0.000    0.000 threading.py:228(__init__)
        1    0.000    0.000    0.000    0.000 calendar.py:410(HTMLCalendar)
        1    0.000    0.000    0.000    0.000 getlimits.py:32(MachArLike)
       10    0.000    0.000    0.000    0.000 _policybase.py:104(<genexpr>)
        6    0.000    0.000    0.000    0.000 signal.py:49(decorator)
        1    0.000    0.000    0.000    0.000 {built-in method _hashlib.openssl_sha3_224}
        2    0.000    0.000    0.000    0.000 <frozen importlib._bootstrap>:241(_requires_builtin_wrapper)
        1    0.000    0.000    0.000    0.000 pathlib.py:130(<setcomp>)
        1    0.000    0.000    0.000    0.000 calendar.py:69(_localized_day)
        4    0.000    0.000    0.000    0.000 getlimits.py:672(max)
        9    0.000    0.000    0.000    0.000 _pytesttester.py:78(__init__)
        1    0.000    0.000    0.000    0.000 records.py:308(recarray)
        1    0.000    0.000    0.000    0.000 _compression.py:9(BaseStream)
       27    0.000    0.000    0.000    0.000 {method 'lower' of 'str' objects}
        1    0.000    0.000    0.000    0.000 threading.py:95(_RLock)
        1    0.000    0.000    0.000    0.000 ipaddress.py:2271(IPv6Network)
        1    0.000    0.000    0.000    0.000 posixpath.py:150(dirname)
        1    0.000    0.000    0.000    0.000 index_tricks.py:612(ndindex)
        1    0.000    0.000    0.000    0.000 extras.py:214(_fromnxfunction)
        1    0.000    0.000    0.000    0.000 __init__.py:437(LibraryLoader)
        2    0.000    0.000    0.000    0.000 <frozen importlib._bootstrap>:765(exec_module)
        1    0.000    0.000    0.000    0.000 selectors.py:81(BaseSelector)
        1    0.000    0.000    0.000    0.000 iterators.py:5(<module>)
        1    0.000    0.000    0.000    0.000 {method 'close' of 'select.epoll' objects}
        1    0.000    0.000    0.000    0.000 _inspect.py:1(<module>)
        1    0.000    0.000    0.000    0.000 response.py:68(addinfourl)
        1    0.000    0.000    0.000    0.000 ipaddress.py:1124(_BaseV4)
       12    0.000    0.000    0.000    0.000 {built-in method builtins.round}
        1    0.000    0.000    0.000    0.000 _type_aliases.py:41(<setcomp>)
       13    0.000    0.000    0.000    0.000 {method 'encode' of 'str' objects}
        1    0.000    0.000    0.000    0.000 request.py:1372(HTTPHandler)
        1    0.000    0.000    0.000    0.000 arrayprint.py:1351(StructuredVoidFormat)
        1    0.000    0.000    0.000    0.000 core.py:1308(_replace_dtype_fields)
        1    0.000    0.000    0.000    0.000 extras.py:1545(__init__)
        1    0.000    0.000    0.000    0.000 enum.py:57(_make_class_unpicklable)
        1    0.000    0.000    0.000    0.000 message.py:1174(EmailMessage)
        1    0.000    0.000    0.000    0.000 threading.py:517(Event)
       11    0.000    0.000    0.000    0.000 {method 'insert' of 'list' objects}
        1    0.000    0.000    0.000    0.000 _iotools.py:229(NameValidator)
        1    0.000    0.000    0.000    0.000 {built-in method posix.putenv}
        1    0.000    0.000    0.000    0.000 re.py:270(escape)
       18    0.000    0.000    0.000    0.000 {built-in method builtins.id}
       18    0.000    0.000    0.000    0.000 {method 'discard' of 'set' objects}
        3    0.000    0.000    0.000    0.000 {method 'cast' of 'memoryview' objects}
        1    0.000    0.000    0.000    0.000 {built-in method numpy.empty}
        1    0.000    0.000    0.000    0.000 calendar.py:589(LocaleHTMLCalendar)
        1    0.000    0.000    0.000    0.000 _exceptions.py:32(UFuncTypeError)
       16    0.000    0.000    0.000    0.000 _dtype.py:24(_kind_name)
        1    0.000    0.000    0.000    0.000 posixpath.py:60(isabs)
       10    0.000    0.000    0.000    0.000 __future__.py:83(__init__)
        8    0.000    0.000    0.000    0.000 getlimits.py:153(_register_type)
        1    0.000    0.000    0.000    0.000 core.py:190(<listcomp>)
        1    0.000    0.000    0.000    0.000 request.py:896(HTTPPasswordMgrWithDefaultRealm)
        1    0.000    0.000    0.000    0.000 npyio.py:770(_check_nonneg_int)
        1    0.000    0.000    0.000    0.000 threading.py:381(notify_all)
        1    0.000    0.000    0.000    0.000 threading.py:943(_set_ident)
        1    0.000    0.000    0.000    0.000 _internal.py:217(_getintp_ctype)
        1    0.000    0.000    0.000    0.000 core.py:6480(MaskedConstant)
        1    0.000    0.000    0.000    0.000 {method 'view' of 'numpy.generic' objects}
        1    0.000    0.000    0.000    0.000 core.py:870(_DomainGreaterEqual)
        6    0.000    0.000    0.000    0.000 {method 'rsplit' of 'str' objects}
        2    0.000    0.000    0.000    0.000 core.py:6583(__setattr__)
        1    0.000    0.000    0.000    0.000 {built-in method posix.unsetenv}
        1    0.000    0.000    0.000    0.000 hmac.py:28(HMAC)
        3    0.000    0.000    0.000    0.000 enum.py:434(__iter__)
        2    0.000    0.000    0.000    0.000 {built-in method posix.register_at_fork}
        1    0.000    0.000    0.000    0.000 {built-in method _ctypes.dlopen}
        1    0.000    0.000    0.000    0.000 {built-in method _hashlib.openssl_sha1}
        1    0.000    0.000    0.000    0.000 _weakrefset.py:37(__init__)
        4    0.000    0.000    0.000    0.000 _ufunc_config.py:425(__init__)
        1    0.000    0.000    0.000    0.000 _encoded_words.py:73(_QByteMap)
       15    0.000    0.000    0.000    0.000 parse.py:428(_checknetloc)
        1    0.000    0.000    0.000    0.000 calendar.py:72(<listcomp>)
        1    0.000    0.000    0.000    0.000 subprocess.py:108(CalledProcessError)
        1    0.000    0.000    0.000    0.000 threading.py:596(Barrier)
       11    0.000    0.000    0.000    0.000 {built-in method sys._getframe}
        5    0.000    0.000    0.000    0.000 functools.py:964(__set_name__)
        1    0.000    0.000    0.000    0.000 {built-in method _hashlib.openssl_sha3_256}
        1    0.000    0.000    0.000    0.000 parse.py:156(_NetlocResultMixinBase)
        1    0.000    0.000    0.000    0.000 {built-in method _hashlib.openssl_shake_128}
        1    0.000    0.000    0.000    0.000 index_tricks.py:306(AxisConcatenator)
        1    0.000    0.000    0.000    0.000 threading.py:947(_set_native_id)
        1    0.000    0.000    0.000    0.000 feedparser.py:45(BufferedSubFile)
        1    0.000    0.000    0.000    0.000 pathlib.py:131(<setcomp>)
        1    0.000    0.000    0.000    0.000 npyio.py:106(NpzFile)
        1    0.000    0.000    0.000    0.000 {built-in method posix.urandom}
       12    0.000    0.000    0.000    0.000 {method 'islower' of 'str' objects}
        1    0.000    0.000    0.000    0.000 _datasource.py:196(DataSource)
        1    0.000    0.000    0.000    0.000 _compression.py:33(DecompressReader)
        1    0.000    0.000    0.000    0.000 index_tricks.py:252(__init__)
        4    0.000    0.000    0.000    0.000 mixins.py:51(_unary_method)
        1    0.000    0.000    0.000    0.000 feedparser.py:136(FeedParser)
        1    0.000    0.000    0.000    0.000 {built-in method _hashlib.openssl_sha256}
        3    0.000    0.000    0.000    0.000 datetime.py:2236(_create)
        1    0.000    0.000    0.000    0.000 string.py:57(Template)
        1    0.000    0.000    0.000    0.000 index_tricks.py:524(__init__)
        1    0.000    0.000    0.000    0.000 extras.py:1497(MAxisConcatenator)
        1    0.000    0.000    0.000    0.000 random.py:217(__init_subclass__)
        1    0.000    0.000    0.000    0.000 pathlib.py:261(_PosixFlavour)
        1    0.000    0.000    0.000    0.000 getlimits.py:364(finfo)
        1    0.000    0.000    0.000    0.000 numbers.py:267(Rational)
        1    0.000    0.000    0.000    0.000 tempfile.py:786(TemporaryDirectory)
        1    0.000    0.000    0.000    0.000 charset.py:167(Charset)
        1    0.000    0.000    0.000    0.000 {method 'union' of 'set' objects}
        1    0.000    0.000    0.000    0.000 {built-in method _hashlib.openssl_sha3_384}
        1    0.000    0.000    0.000    0.000 {built-in method _hashlib.openssl_sha384}
        1    0.000    0.000    0.000    0.000 core.py:1276(_replace_dtype_fields_recursive)
        1    0.000    0.000    0.000    0.000 string.py:159(Formatter)
        3    0.000    0.000    0.000    0.000 __init__.py:393(<genexpr>)
        1    0.000    0.000    0.000    0.000 {built-in method _hashlib.openssl_sha224}
        1    0.000    0.000    0.000    0.000 header.py:541(_Accumulator)
        1    0.000    0.000    0.000    0.000 _pep440.py:165(LegacyVersion)
        1    0.000    0.000    0.000    0.000 {built-in method _hashlib.openssl_shake_256}
        9    0.000    0.000    0.000    0.000 _globals.py:90(__repr__)
        1    0.000    0.000    0.000    0.000 {built-in method math.exp}
        3    0.000    0.000    0.000    0.000 datetime.py:45(_days_before_year)
        1    0.000    0.000    0.000    0.000 {built-in method _hashlib.openssl_sha512}
        1    0.000    0.000    0.000    0.000 selectors.py:291(SelectSelector)
        1    0.000    0.000    0.000    0.000 platform.py:742(_Processor)
        1    0.000    0.000    0.000    0.000 {built-in method _hashlib.openssl_sha3_512}
        1    0.000    0.000    0.000    0.000 _exceptions.py:215(_ArrayMemoryError)
        1    0.000    0.000    0.000    0.000 request.py:424(OpenerDirector)
        1    0.000    0.000    0.000    0.000 ssl.py:447(_ASN1Object)
        1    0.000    0.000    0.000    0.000 {built-in method posix.confstr}
        4    0.000    0.000    0.000    0.000 core.py:3407(dtype)
        1    0.000    0.000    0.000    0.000 header.py:413(_ValueFormatter)
        1    0.000    0.000    0.000    0.000 _weakrefset.py:86(add)
        1    0.000    0.000    0.000    0.000 subprocess.py:145(TimeoutExpired)
        1    0.000    0.000    0.000    0.000 client.py:1401(HTTPSConnection)
        1    0.000    0.000    0.000    0.000 subprocess.py:428(CompletedProcess)
        1    0.000    0.000    0.000    0.000 encoder.py:104(__init__)
        1    0.000    0.000    0.000    0.000 threading.py:351(notify)
        1    0.000    0.000    0.000    0.000 calendar.py:293(TextCalendar)
        1    0.000    0.000    0.000    0.000 header.py:179(Header)
        1    0.000    0.000    0.000    0.000 _datasource.py:99(__init__)
        1    0.000    0.000    0.000    0.000 os.py:758(decode)
        1    0.000    0.000    0.000    0.000 datetime.py:1214(IsoCalendarDate)
        1    0.000    0.000    0.000    0.000 gzip.py:401(_GzipReader)
        3    0.000    0.000    0.000    0.000 __init__.py:502(CFunctionType)
        1    0.000    0.000    0.000    0.000 _policybase.py:18(_PolicyBase)
        1    0.000    0.000    0.000    0.000 records.py:223(record)
        1    0.000    0.000    0.000    0.000 ipaddress.py:562(_BaseAddress)
        1    0.000    0.000    0.000    0.000 decoder.py:254(JSONDecoder)
        1    0.000    0.000    0.000    0.000 _pep440.py:45(Infinity)
        1    0.000    0.000    0.000    0.000 __init__.py:319(CDLL)
       16    0.000    0.000    0.000    0.000 {method 'values' of 'dict' objects}
        1    0.000    0.000    0.000    0.000 encoder.py:73(JSONEncoder)
        1    0.000    0.000    0.000    0.000 request.py:1078(AbstractDigestAuthHandler)
        1    0.000    0.000    0.000    0.000 memmap.py:22(memmap)
        1    0.000    0.000    0.000    0.000 tempfile.py:128(_RandomNameSequence)
        4    0.000    0.000    0.000    0.000 {built-in method _hashlib.get_fips_mode}
        3    0.000    0.000    0.000    0.000 core.py:1355(getmask)
        1    0.000    0.000    0.000    0.000 _internal.py:614(_Stream)
        1    0.000    0.000    0.000    0.000 selectors.py:207(_BaseSelectorImpl)
        1    0.000    0.000    0.000    0.000 __init__.py:5(<module>)
        6    0.000    0.000    0.000    0.000 {method 'keys' of 'dict' objects}
        1    0.000    0.000    0.000    0.000 parse.py:839(Quoter)
        5    0.000    0.000    0.000    0.000 datetime.py:50(_days_in_month)
        1    0.000    0.000    0.000    0.000 request.py:643(HTTPRedirectHandler)
        1    0.000    0.000    0.000    0.000 selectors.py:443(EpollSelector)
        2    0.000    0.000    0.000    0.000 pathlib.py:55(__init__)
        1    0.000    0.000    0.000    0.000 core.py:189(<listcomp>)
        1    0.000    0.000    0.000    0.000 {built-in method _thread.get_native_id}
        1    0.000    0.000    0.000    0.000 core.py:8136(_convert2ma)
        1    0.000    0.000    0.000    0.000 core.py:2595(MaskedIterator)
        1    0.000    0.000    0.000    0.000 request.py:2391(ftpwrapper)
        1    0.000    0.000    0.000    0.000 _machar.py:17(MachAr)
        1    0.000    0.000    0.000    0.000 _pep440.py:77(NegativeInfinity)
        1    0.000    0.000    0.000    0.000 pickle.py:200(_Framer)
        2    0.000    0.000    0.000    0.000 {built-in method maketrans}
        1    0.000    0.000    0.000    0.000 selectors.py:342(_PollLikeSelector)
        1    0.000    0.000    0.000    0.000 core.py:2378(_MaskedPrintOption)
        1    0.000    0.000    0.000    0.000 calendar.py:154(__init__)
        1    0.000    0.000    0.000    0.000 _parseaddr.py:508(AddressList)
        1    0.000    0.000    0.000    0.000 gzip.py:74(_PaddedFile)
        1    0.000    0.000    0.000    0.000 threading.py:1229(_make_invoke_excepthook)
        1    0.000    0.000    0.000    0.000 core.py:6675(_extrema_operation)
        6    0.000    0.000    0.000    0.000 core.py:839(__init__)
        1    0.000    0.000    0.000    0.000 pickle.py:263(_Unframer)
        3    0.000    0.000    0.000    0.000 core.py:799(__init__)
        1    0.000    0.000    0.000    0.000 tempfile.py:427(_TemporaryFileCloser)
        6    0.000    0.000    0.000    0.000 _type_aliases.py:92(<genexpr>)
        1    0.000    0.000    0.000    0.000 _iotools.py:133(LineSplitter)
        1    0.000    0.000    0.000    0.000 records.py:87(format_parser)
        1    0.000    0.000    0.000    0.000 index_tricks.py:299(__init__)
        1    0.000    0.000    0.000    0.000 core.py:194(<listcomp>)
        1    0.000    0.000    0.000    0.000 datetime.py:1145(tzinfo)
        1    0.000    0.000    0.000    0.000 _datasource.py:74(_FileOpeners)
        1    0.000    0.000    0.000    0.000 request.py:1587(CacheFTPHandler)
        2    0.000    0.000    0.000    0.000 {built-in method math.log}
        1    0.000    0.000    0.000    0.000 _pep440.py:135(_BaseVersion)
        5    0.000    0.000    0.000    0.000 datetime.py:445(_check_tzinfo_arg)
        2    0.000    0.000    0.000    0.000 index_tricks.py:145(__init__)
        1    0.000    0.000    0.000    0.000 _internal.py:205(dummy_ctype)
        1    0.000    0.000    0.000    0.000 request.py:832(HTTPPasswordMgr)
        1    0.000    0.000    0.000    0.000 request.py:906(HTTPPasswordMgrWithPriorAuth)
        1    0.000    0.000    0.000    0.000 selectors.py:61(_SelectorMapping)
        1    0.000    0.000    0.000    0.000 threading.py:271(_is_owned)
        6    0.000    0.000    0.000    0.000 signal.py:48(_wraps)
        1    0.000    0.000    0.000    0.000 ctypeslib.py:204(_concrete_ndptr)
        2    0.000    0.000    0.000    0.000 index_tricks.py:755(__init__)
        1    0.000    0.000    0.000    0.000 __future__.py:81(_Feature)
        1    0.000    0.000    0.000    0.000 threading.py:256(__enter__)
        2    0.000    0.000    0.000    0.000 calendar.py:74(__init__)
        1    0.000    0.000    0.000    0.000 arrayprint.py:905(FloatingFormat)
        1    0.000    0.000    0.000    0.000 __init__.py:154(py_object)
        1    0.000    0.000    0.000    0.000 response.py:14(addbase)
        1    0.000    0.000    0.000    0.000 tempfile.py:470(_TemporaryFileWrapper)
        1    0.000    0.000    0.000    0.000 core.py:970(_MaskedBinaryOperation)
        1    0.000    0.000    0.000    0.000 _ufunc_config.py:366(errstate)
        1    0.000    0.000    0.000    0.000 npyio.py:42(BagObj)
        1    0.000    0.000    0.000    0.000 parse.py:195(_NetlocResultMixinStr)
        1    0.000    0.000    0.000    0.000 _globals.py:60(_NoValueType)
        4    0.000    0.000    0.000    0.000 core.py:6484(__has_singleton)
        1    0.000    0.000    0.000    0.000 request.py:622(HTTPErrorProcessor)
        1    0.000    0.000    0.000    0.000 pathlib.py:51(_Flavour)
        4    0.000    0.000    0.000    0.000 {built-in method _warnings._filters_mutated}
        1    0.000    0.000    0.000    0.000 request.py:1254(AbstractHTTPHandler)
        1    0.000    0.000    0.000    0.000 sre_parse.py:99(checkgroup)
        2    0.000    0.000    0.000    0.000 __init__.py:438(__init__)
        5    0.000    0.000    0.000    0.000 enum.py:259(<genexpr>)
        1    0.000    0.000    0.000    0.000 parser.py:16(Parser)
        1    0.000    0.000    0.000    0.000 selectors.py:434(PollSelector)
        2    0.000    0.000    0.000    0.000 core.py:3423(shape)
        1    0.000    0.000    0.000    0.000 threading.py:393(Semaphore)
        1    0.000    0.000    0.000    0.000 index_tricks.py:563(ndenumerate)
        1    0.000    0.000    0.000    0.000 {method 'toordinal' of 'datetime.date' objects}
        1    0.000    0.000    0.000    0.000 py3k.py:84(contextlib_nullcontext)
        2    0.000    0.000    0.000    0.000 {method 'acquire' of '_thread.lock' objects}
        1    0.000    0.000    0.000    0.000 request.py:603(BaseHandler)
        1    0.000    0.000    0.000    0.000 client.py:1481(IncompleteRead)
        1    0.000    0.000    0.000    0.000 contextlib.py:688(__init__)
        7    0.000    0.000    0.000    0.000 enum.py:1040(<lambda>)
        1    0.000    0.000    0.000    0.000 ssl.py:154(<dictcomp>)
        1    0.000    0.000    0.000    0.000 ctypeslib.py:183(_ndptr)
        1    0.000    0.000    0.000    0.000 arrayprint.py:1304(DatetimeFormat)
        1    0.000    0.000    0.000    0.000 _ufunc_config.py:29(<dictcomp>)
        2    0.000    0.000    0.000    0.000 __init__.py:102(CFunctionType)
        1    0.000    0.000    0.000    0.000 sre_parse.py:289(seek)
        1    0.000    0.000    0.000    0.000 pathlib.py:543(_PathParents)
        1    0.000    0.000    0.000    0.000 npyio.py:1333(<listcomp>)
        1    0.000    0.000    0.000    0.000 _exceptions.py:38(_UFuncBinaryResolutionError)
        1    0.000    0.000    0.000    0.000 _policybase.py:41(__init__)
        1    0.000    0.000    0.000    0.000 request.py:1381(HTTPSHandler)
        1    0.000    0.000    0.000    0.000 request.py:639(HTTPDefaultErrorHandler)
        1    0.000    0.000    0.000    0.000 core.py:193(<listcomp>)
        1    0.000    0.000    0.000    0.000 errors.py:97(NonPrintableDefect)
        1    0.000    0.000    0.000    0.000 threading.py:82(RLock)
        1    0.000    0.000    0.000    0.000 response.py:37(addclosehook)
        1    0.000    0.000    0.000    0.000 core.py:896(_MaskedUnaryOperation)
        1    0.000    0.000    0.000    0.000 _pytesttester.py:48(PytestTester)
        1    0.000    0.000    0.000    0.000 npyio.py:726(_ensure_ndmin_ndarray_check_param)
        1    0.000    0.000    0.000    0.000 __init__.py:397(PyDLL)
        1    0.000    0.000    0.000    0.000 index_tricks.py:110(nd_grid)
        2    0.000    0.000    0.000    0.000 {method 'deleter' of 'property' objects}
        1    0.000    0.000    0.000    0.000 request.py:1224(HTTPDigestAuthHandler)
        1    0.000    0.000    0.000    0.000 calendar.py:24(IllegalMonthError)
        1    0.000    0.000    0.000    0.000 calendar.py:558(LocaleTextCalendar)
        5    0.000    0.000    0.000    0.000 platform.py:774(_unknown_as_blank)
        1    0.000    0.000    0.000    0.000 copyreg.py:22(constructor)
        1    0.000    0.000    0.000    0.000 core.py:2384(__init__)
        1    0.000    0.000    0.000    0.000 utils.py:53(_Deprecate)
        1    0.000    0.000    0.000    0.000 pathlib.py:421(_Selector)
        2    0.000    0.000    0.000    0.000 {method 'copy' of 'list' objects}
        1    0.000    0.000    0.000    0.000 request.py:1396(HTTPCookieProcessor)
        1    0.000    0.000    0.000    0.000 pickle.py:97(_Stop)
        1    0.000    0.000    0.000    0.000 _exceptions.py:123(AxisError)
        1    0.000    0.000    0.000    0.000 {built-in method numpy.core._multiarray_umath._reload_guard}
        1    0.000    0.000    0.000    0.000 core.py:6790(_frommethod)
        1    0.000    0.000    0.000    0.000 errors.py:37(MessageDefect)
        1    0.000    0.000    0.000    0.000 extras.py:1527(mr_class)
        2    0.000    0.000    0.000    0.000 calendar.py:55(__init__)
        1    0.000    0.000    0.000    0.000 threading.py:1333(_DummyThread)
        1    0.000    0.000    0.000    0.000 feedparser.py:532(BytesFeedParser)
        1    0.000    0.000    0.000    0.000 parse.py:140(_ResultMixinStr)
        1    0.000    0.000    0.000    0.000 threading.py:259(__exit__)
        4    0.000    0.000    0.000    0.000 {built-in method _sre.ascii_tolower}
        1    0.000    0.000    0.000    0.000 decoder.py:20(JSONDecodeError)
        2    0.000    0.000    0.000    0.000 <frozen importlib._bootstrap>:782(is_package)
        1    0.000    0.000    0.000    0.000 __init__.py:368(_FuncPtr)
        4    0.000    0.000    0.000    0.000 {built-in method _sre.ascii_iscased}
        1    0.000    0.000    0.000    0.000 request.py:1472(FileHandler)
        1    0.000    0.000    0.000    0.000 parser.py:71(HeaderParser)
        1    0.000    0.000    0.000    0.000 {built-in method numpy.core._multiarray_umath.set_typeDict}
        1    0.000    0.000    0.000    0.000 index_tricks.py:209(MGridClass)
        1    0.000    0.000    0.000    0.000 _exceptions.py:54(_UFuncNoLoopError)
        1    0.000    0.000    0.000    0.000 parse.py:225(_NetlocResultMixinBytes)
        1    0.000    0.000    0.000    0.000 response.py:57(addinfo)
        2    0.000    0.000    0.000    0.000 core.py:876(__init__)
        1    0.000    0.000    0.000    0.000 stride_tricks.py:15(DummyArray)
        1    0.000    0.000    0.000    0.000 threading.py:1282(Timer)
        1    0.000    0.000    0.000    0.000 client.py:178(HTTPMessage)
        3    0.000    0.000    0.000    0.000 core.py:860(__init__)
        1    0.000    0.000    0.000    0.000 request.py:1414(UnknownHandler)
        1    0.000    0.000    0.000    0.000 pathlib.py:468(_WildcardSelector)
        2    0.000    0.000    0.000    0.000 {method 'clear' of 'dict' objects}
        1    0.000    0.000    0.000    0.000 _endian.py:23(_swapped_meta)
        1    0.000    0.000    0.000    0.000 request.py:789(ProxyHandler)
        1    0.000    0.000    0.000    0.000 linalg.py:44(LinAlgError)
        1    0.000    0.000    0.000    0.000 request.py:1529(FTPHandler)
        1    0.000    0.000    0.000    0.000 core.py:833(_DomainSafeDivide)
        1    0.000    0.000    0.000    0.000 calendar.py:546(different_locale)
        1    0.000    0.000    0.000    0.000 pathlib.py:961(PurePosixPath)
        1    0.000    0.000    0.000    0.000 numerictypes.py:424(_typedict)
        1    0.000    0.000    0.000    0.000 core.py:790(_DomainCheckInterval)
        1    0.000    0.000    0.000    0.000 parse.py:338(SplitResult)
        1    0.000    0.000    0.000    0.000 {method 'values' of 'mappingproxy' objects}
        1    0.000    0.000    0.000    0.000 calendar.py:31(IllegalWeekdayError)
        1    0.000    0.000    0.000    0.000 index_tricks.py:259(OGridClass)
        1    0.000    0.000    0.000    0.000 _exceptions.py:99(_UFuncOutputCastingError)
        1    0.000    0.000    0.000    0.000 error.py:19(URLError)
        1    0.000    0.000    0.000    0.000 parse.py:148(_ResultMixinBytes)
        1    0.000    0.000    0.000    0.000 request.py:1048(HTTPBasicAuthHandler)
        1    0.000    0.000    0.000    0.000 {method 'groups' of 're.Match' objects}
        3    0.000    0.000    0.000    0.000 {built-in method builtins.callable}
        2    0.000    0.000    0.000    0.000 {built-in method _imp.exec_builtin}
        1    0.000    0.000    0.000    0.000 polyutils.py:43(RankWarning)
        1    0.000    0.000    0.000    0.000 parse.py:330(DefragResult)
        1    0.000    0.000    0.000    0.000 request.py:1242(ProxyDigestAuthHandler)
        1    0.000    0.000    0.000    0.000 numbers.py:12(Number)
        1    0.000    0.000    0.000    0.000 client.py:1470(UnknownProtocol)
        1    0.000    0.000    0.000    0.000 pickle.py:73(PickleError)
        1    0.000    0.000    0.000    0.000 arrayprint.py:1222(IntegerFormat)
        1    0.000    0.000    0.000    0.000 errors.py:48(StartBoundaryNotFoundDefect)
        1    0.000    0.000    0.000    0.000 _exceptions.py:81(_UFuncInputCastingError)
        1    0.000    0.000    0.000    0.000 core.py:815(_DomainTan)
        1    0.000    0.000    0.000    0.000 request.py:1059(ProxyBasicAuthHandler)
        1    0.000    0.000    0.000    0.000 pathlib.py:1513(WindowsPath)
        1    0.000    0.000    0.000    0.000 core.py:1118(_DomainedBinaryOperation)
        1    0.000    0.000    0.000    0.000 _exceptions.py:72(_UFuncCastingError)
        1    0.000    0.000    0.000    0.000 error.py:73(ContentTooShortError)
        1    0.000    0.000    0.000    0.000 extras.py:264(_fromnxfunction_single)
        2    0.000    0.000    0.000    0.000 arrayprint.py:493(_recursive_guard)
        1    0.000    0.000    0.000    0.000 {method 'disable' of '_lsprof.Profiler' objects}
        1    0.000    0.000    0.000    0.000 __init__.py:163(c_short)
        1    0.000    0.000    0.000    0.000 polynomial.py:28(RankWarning)
        1    0.000    0.000    0.000    0.000 arrayprint.py:1245(ComplexFloatingFormat)
        1    0.000    0.000    0.000    0.000 threading.py:476(BoundedSemaphore)
        1    0.000    0.000    0.000    0.000 pathlib.py:452(_PreciseSelector)
        1    0.000    0.000    0.000    0.000 request.py:1640(DataHandler)
        1    0.000    0.000    0.000    0.000 index_tricks.py:711(IndexExpression)
        1    0.000    0.000    0.000    0.000 arrayprint.py:1278(_TimelikeFormat)
        1    0.000    0.000    0.000    0.000 errors.py:8(MessageError)
        1    0.000    0.000    0.000    0.000 pathlib.py:446(_TerminatingSelector)
        1    0.000    0.000    0.000    0.000 shutil.py:72(SameFileError)
        1    0.000    0.000    0.000    0.000 {method 'difference_update' of 'set' objects}
        1    0.000    0.000    0.000    0.000 parser.py:126(BytesHeaderParser)
        1    0.000    0.000    0.000    0.000 core.py:886(_MaskedUFunc)
        1    0.000    0.000    0.000    0.000 socket.py:211(_GiveupOnSendfile)
        1    0.000    0.000    0.000    0.000 {built-in method math.sqrt}
        1    0.000    0.000    0.000    0.000 extras.py:282(_fromnxfunction_seq)
        1    0.000    0.000    0.000    0.000 pathlib.py:499(_RecursiveWildcardSelector)
        1    0.000    0.000    0.000    0.000 pathlib.py:971(PureWindowsPath)
        1    0.000    0.000    0.000    0.000 arrayprint.py:1341(SubArrayFormat)
        1    0.000    0.000    0.000    0.000 extras.py:295(_fromnxfunction_args)
        1    0.000    0.000    0.000    0.000 __init__.py:167(c_ushort)
        1    0.000    0.000    0.000    0.000 uu.py:38(Error)
        1    0.000    0.000    0.000    0.000 ipaddress.py:19(AddressValueError)
        1    0.000    0.000    0.000    0.000 client.py:1475(UnknownTransferEncoding)
        1    0.000    0.000    0.000    0.000 index_tricks.py:429(RClass)
        1    0.000    0.000    0.000    0.000 _internal.py:244(c_void_p)
        1    0.000    0.000    0.000    0.000 __init__.py:238(c_char_p)
        1    0.000    0.000    0.000    0.000 client.py:1498(CannotSendRequest)
        1    0.000    0.000    0.000    0.000 _endian.py:46(BigEndianStructure)
        1    0.000    0.000    0.000    0.000 client.py:1459(HTTPException)
        1    0.000    0.000    0.000    0.000 parse.py:362(ParseResultBytes)
        1    0.000    0.000    0.000    0.000 numeric.py:60(ComplexWarning)
        1    0.000    0.000    0.000    0.000 _pep440.py:129(InvalidVersion)
        1    0.000    0.000    0.000    0.000 client.py:1514(LineTooLong)
        1    0.000    0.000    0.000    0.000 _globals.py:33(ModuleDeprecationWarning)
        1    0.000    0.000    0.000    0.000 core.py:854(_DomainGreater)
        1    0.000    0.000    0.000    0.000 core.py:83(MaskedArrayFutureWarning)
        1    0.000    0.000    0.000    0.000 __init__.py:175(c_ulong)
        1    0.000    0.000    0.000    0.000 ipaddress.py:23(NetmaskValueError)
        1    0.000    0.000    0.000    0.000 calendar.py:160(setfirstweekday)
        1    0.000    0.000    0.000    0.000 multiarray.py:1071(copyto)
        1    0.000    0.000    0.000    0.000 shutil.py:69(Error)
        1    0.000    0.000    0.000    0.000 gzip.py:116(BadGzipFile)
        1    0.000    0.000    0.000    0.000 <string>:1(<module>)
        1    0.000    0.000    0.000    0.000 core.py:147(MAError)
        1    0.000    0.000    0.000    0.000 index_tricks.py:531(CClass)
        1    0.000    0.000    0.000    0.000 errors.py:74(InvalidBase64PaddingDefect)
        1    0.000    0.000    0.000    0.000 _iotools.py:421(ConverterError)
        1    0.000    0.000    0.000    0.000 core.py:823(__init__)
        1    0.000    0.000    0.000    0.000 extras.py:320(_fromnxfunction_allargs)
        1    0.000    0.000    0.000    0.000 parse.py:349(DefragResultBytes)
        1    0.000    0.000    0.000    0.000 _ufunc_config.py:359(_unspecified)
        1    0.000    0.000    0.000    0.000 pickle.py:77(PicklingError)
        1    0.000    0.000    0.000    0.000 errors.py:12(MessageParseError)
        1    0.000    0.000    0.000    0.000 client.py:1519(RemoteDisconnected)
        1    0.000    0.000    0.000    0.000 threading.py:750(BrokenBarrierError)
        1    0.000    0.000    0.000    0.000 parse.py:343(ParseResult)
        1    0.000    0.000    0.000    0.000 arrayprint.py:1235(BoolFormat)
        1    0.000    0.000    0.000    0.000 errors.py:28(CharsetError)
        1    0.000    0.000    0.000    0.000 subprocess.py:105(SubprocessError)
        1    0.000    0.000    0.000    0.000 errors.py:24(MultipartConversionError)
        1    0.000    0.000    0.000    0.000 errors.py:16(HeaderParseError)
        1    0.000    0.000    0.000    0.000 {method 'decode' of 'bytes' objects}
        1    0.000    0.000    0.000    0.000 threading.py:785(<listcomp>)
        1    0.000    0.000    0.000    0.000 pathlib.py:322(_Accessor)
        2    0.000    0.000    0.000    0.000 {method 'end' of 're.Match' objects}
        1    0.000    0.000    0.000    0.000 {built-in method _operator.index}
        1    0.000    0.000    0.000    0.000 arrayprint.py:1336(TimedeltaFormat)
        1    0.000    0.000    0.000    0.000 parse.py:357(SplitResultBytes)
        1    0.000    0.000    0.000    0.000 _exceptions.py:118(TooHardError)
        1    0.000    0.000    0.000    0.000 pathlib.py:1506(PosixPath)
        1    0.000    0.000    0.000    0.000 shutil.py:75(SpecialFileError)
        1    0.000    0.000    0.000    0.000 client.py:1478(UnimplementedFileMode)
        1    0.000    0.000    0.000    0.000 __init__.py:254(c_wchar_p)
        1    0.000    0.000    0.000    0.000 __init__.py:171(c_long)
        1    0.000    0.000    0.000    0.000 client.py:1464(NotConnected)
        1    0.000    0.000    0.000    0.000 errors.py:20(BoundaryError)
        1    0.000    0.000    0.000    0.000 client.py:1507(BadStatusLine)
        1    0.000    0.000    0.000    0.000 __init__.py:200(c_longdouble)
        1    0.000    0.000    0.000    0.000 threading.py:1312(_MainThread)
        1    0.000    0.000    0.000    0.000 errors.py:45(NoBoundaryInMultipartDefect)
        1    0.000    0.000    0.000    0.000 _iotools.py:437(ConversionWarning)
        1    0.000    0.000    0.000    0.000 _globals.py:47(VisibleDeprecationWarning)
        1    0.000    0.000    0.000    0.000 errors.py:32(HeaderWriteError)
        1    0.000    0.000    0.000    0.000 client.py:1467(InvalidURL)
        1    0.000    0.000    0.000    0.000 __init__.py:192(c_float)
        1    0.000    0.000    0.000    0.000 __init__.py:188(c_uint)
        1    0.000    0.000    0.000    0.000 errors.py:57(MisplacedEnvelopeHeaderDefect)
        1    0.000    0.000    0.000    0.000 pickle.py:84(UnpicklingError)
        1    0.000    0.000    0.000    0.000 __init__.py:196(c_double)
        1    0.000    0.000    0.000    0.000 __init__.py:184(c_int)
        1    0.000    0.000    0.000    0.000 multiarray.py:148(concatenate)
        1    0.000    0.000    0.000    0.000 contextlib.py:63(_recreate_cm)
        1    0.000    0.000    0.000    0.000 errors.py:54(FirstHeaderLineIsContinuationDefect)
        1    0.000    0.000    0.000    0.000 errors.py:60(MissingHeaderBodySeparatorDefect)
        1    0.000    0.000    0.000    0.000 shutil.py:79(ExecError)
        1    0.000    0.000    0.000    0.000 errors.py:77(InvalidBase64CharactersDefect)
        1    0.000    0.000    0.000    0.000 _iotools.py:429(ConverterLockError)
        1    0.000    0.000    0.000    0.000 {built-in method numpy.core._multiarray_umath._set_madvise_hugepage}
        1    0.000    0.000    0.000    0.000 errors.py:71(UndecodableBytesDefect)
        1    0.000    0.000    0.000    0.000 errors.py:51(CloseBoundaryNotFoundDefect)
        1    0.000    0.000    0.000    0.000 errors.py:111(NonASCIILocalPartDefect)
        1    0.000    0.000    0.000    0.000 errors.py:94(HeaderMissingRequiredValue)
        1    0.000    0.000    0.000    0.000 threading.py:1147(daemon)
        1    0.000    0.000    0.000    0.000 sre_parse.py:102(checklookbehindgroup)
        1    0.000    0.000    0.000    0.000 client.py:1495(ImproperConnectionState)
        1    0.000    0.000    0.000    0.000 __init__.py:221(c_ubyte)
        1    0.000    0.000    0.000    0.000 shutil.py:82(ReadError)
        1    0.000    0.000    0.000    0.000 errors.py:68(InvalidMultipartContentTransferEncodingDefect)
        1    0.000    0.000    0.000    0.000 shutil.py:85(RegistryError)
        1    0.000    0.000    0.000    0.000 __init__.py:233(c_char)
        1    0.000    0.000    0.000    0.000 __init__.py:259(c_wchar)
        1    0.000    0.000    0.000    0.000 errors.py:108(ObsoleteHeaderDefect)
        1    0.000    0.000    0.000    0.000 {built-in method _thread._set_sentinel}
        1    0.000    0.000    0.000    0.000 errors.py:65(MultipartInvariantViolationDefect)
        1    0.000    0.000    0.000    0.000 client.py:1504(ResponseNotReady)
        1    0.000    0.000    0.000    0.000 errors.py:91(InvalidHeaderDefect)
        1    0.000    0.000    0.000    0.000 core.py:155(MaskError)
        1    0.000    0.000    0.000    0.000 __init__.py:228(c_byte)
        1    0.000    0.000    0.000    0.000 shutil.py:89(_GiveupOnFastCopy)
        1    0.000    0.000    0.000    0.000 client.py:1501(CannotSendHeader)
        1    0.000    0.000    0.000    0.000 errors.py:80(InvalidBase64LengthDefect)
        1    0.000    0.000    0.000    0.000 __init__.py:249(c_bool)
        1    0.000    0.000    0.000    0.000 __init__.py:244(c_void_p)
        1    0.000    0.000    0.000    0.000 {method '__exit__' of '_thread.RLock' objects}
        1    0.000    0.000    0.000    0.000 _distributor_init.py:1(<module>)
        1    0.000    0.000    0.000    0.000 {method '__init_subclass__' of 'object' objects}
        1    0.000    0.000    0.000    0.000 {method '__enter__' of '_thread.lock' objects}
        1    0.000    0.000    0.000    0.000 random.py:805(seed)


